MPLINK 5.00, LINKER
Linker Map File - Created Wed Jun 08 13:38:48 2016

                                 Section Info
                  Section       Type    Address   Location Size(Bytes)
                ---------  ---------  ---------  ---------  ---------
               _entry_scn       code   0x000000    program   0x000006
                   .cinit    romdata   0x000006    program   0x00000e
             .code_main.o       code   0x000014    program   0x000710
               _cinit_scn       code   0x000724    program   0x00009e
             .stringtable    romdata   0x0007c2    program   0x00004e
         .code_fxd1616u.o       code   0x000810    program   0x00002c
                    .code       code   0x00083c    program   0x000020
             _startup_scn       code   0x00085c    program   0x00001c
           .code___init.o       code   0x000878    program   0x000002
         .romdata_c018i.o    romdata   0x00087a    program   0x000000
          .idata_main.o_i    romdata   0x00087a    program   0x000003
          .romdata_main.o    romdata   0x00087a    program   0x000000
        .romdata___init.o    romdata   0x00087a    program   0x000000
      .romdata_fxd1616u.o    romdata   0x00087a    program   0x000000
        .idata___init.o_i    romdata   0x00087d    program   0x000000
      .idata_fxd1616u.o_i    romdata   0x00087d    program   0x000000
         .idata_c018i.o_i    romdata   0x00087d    program   0x000000
            .code_c018i.o       code   0x00087e    program   0x000000
    .config_300001_main.o    romdata   0x300001    program   0x000001
    .config_300002_main.o    romdata   0x300002    program   0x000001
    .config_300003_main.o    romdata   0x300003    program   0x000001
    .config_300006_main.o    romdata   0x300006    program   0x000001
    .config_300008_main.o    romdata   0x300008    program   0x000001
    .config_300009_main.o    romdata   0x300009    program   0x000001
                MATH_DATA      udata   0x000000       data   0x000010
                 .tmpdata      udata   0x000010       data   0x000004
            .udata_main.o      udata   0x000080       data   0x00000a
           .udata_c018i.o      udata   0x00008a       data   0x00000a
            .idata_main.o      idata   0x000094       data   0x000003
           .idata_c018i.o      idata   0x000097       data   0x000000
        .udata_fxd1616u.o      udata   0x000097       data   0x000000
        .idata_fxd1616u.o      idata   0x000097       data   0x000000
          .udata___init.o      udata   0x000097       data   0x000000
          .idata___init.o      idata   0x000097       data   0x000000
                   .stack      udata   0x000500       data   0x000100
            SFR_UNBANKED0      udata   0x000f80       data   0x000080



                              Program Memory Usage 
                               Start         End      
                           ---------   ---------      
                            0x000000    0x00087c      
                            0x300001    0x300003      
                            0x300006    0x300006      
                            0x300008    0x300009      
            2179 out of 33048 program addresses used, program memory utilization is 6%



                              Symbols - Sorted by Name
                     Name    Address   Location    Storage File                     
                ---------  ---------  ---------  --------- ---------                
               DS1307_get   0x00040e    program     extern C:\Program Files (x86)\Microchip\mplabc18\v3.47\h\ds1307.h
           DS1307_setdate   0x0003f0    program     extern C:\Program Files (x86)\Microchip\mplabc18\v3.47\h\ds1307.h
           DS1307_settime   0x00039c    program     extern C:\Program Files (x86)\Microchip\mplabc18\v3.47\h\ds1307.h
                 FXD1616U   0x000810    program     extern E:\3.46\pic18-lt\cxx-framework\src\traditional\math\fxd1616u.c
              I2C_Restart   0x000314    program     extern C:\Program Files (x86)\Microchip\mplabc18\v3.47\h\i2c.h
             I2C_Send_ACK   0x000328    program     extern C:\Program Files (x86)\Microchip\mplabc18\v3.47\h\i2c.h
            I2C_Send_NACK   0x000334    program     extern C:\Program Files (x86)\Microchip\mplabc18\v3.47\h\i2c.h
                 I2C_read   0x000358    program     extern C:\Program Files (x86)\Microchip\mplabc18\v3.47\h\i2c.h
                I2C_start   0x00030a    program     extern C:\Program Files (x86)\Microchip\mplabc18\v3.47\h\i2c.h
                 I2C_stop   0x00031e    program     extern C:\Program Files (x86)\Microchip\mplabc18\v3.47\h\i2c.h
                I2C_write   0x000340    program     extern C:\Program Files (x86)\Microchip\mplabc18\v3.47\h\i2c.h
                  InitI2C   0x0002f8    program     extern C:\Program Files (x86)\Microchip\mplabc18\v3.47\h\i2c.h
       ___return_lbl00000   0x000004    program     static                          
       ___return_lbl00000   0x00083a    program     static                          
       ___return_lbl00001   0x000876    program     static                          
       ___return_lbl00002   0x0007c0    program     static                          
               __config_0   0x300001    program     static C:\Program Files (x86)\Microchip\mplabc18\v3.47\h\ds1307.h
               __config_1   0x300002    program     static C:\Program Files (x86)\Microchip\mplabc18\v3.47\h\ds1307.h
               __config_2   0x300003    program     static C:\Program Files (x86)\Microchip\mplabc18\v3.47\h\ds1307.h
               __config_3   0x300006    program     static C:\Program Files (x86)\Microchip\mplabc18\v3.47\h\ds1307.h
               __config_4   0x300008    program     static C:\Program Files (x86)\Microchip\mplabc18\v3.47\h\ds1307.h
               __config_5   0x300009    program     static C:\Program Files (x86)\Microchip\mplabc18\v3.47\h\ds1307.h
                   __init   0x000878    program     extern E:\3.46\pic18-lt\cxx-framework\src\traditional\stdclib\__init.c
                   __pa_0   0x0005bc    program     static C:\Program Files (x86)\Microchip\mplabc18\v3.47\h\lcd.h
                   __pa_1   0x0005c8    program     static C:\Program Files (x86)\Microchip\mplabc18\v3.47\h\lcd.h
                  __pa_10   0x000664    program     static C:\Program Files (x86)\Microchip\mplabc18\v3.47\h\lcd.h
                  __pa_11   0x000678    program     static C:\Program Files (x86)\Microchip\mplabc18\v3.47\h\ds1307.h
                  __pa_12   0x000682    program     static F:\My projects\mplab\Real Time Clock.X\main.c
                  __pa_13   0x00068a    program     static C:\Program Files (x86)\Microchip\mplabc18\v3.47\h\lcd.h
                  __pa_14   0x0006a0    program     static F:\My projects\mplab\Real Time Clock.X\main.c
                  __pa_15   0x0006aa    program     static F:\My projects\mplab\Real Time Clock.X\main.c
                  __pa_16   0x0006b6    program     static C:\Program Files (x86)\Microchip\mplabc18\v3.47\h\lcd.h
                  __pa_17   0x0006c4    program     static C:\Program Files (x86)\Microchip\mplabc18\v3.47\h\lcd.h
                  __pa_18   0x0006d2    program     static C:\Program Files (x86)\Microchip\mplabc18\v3.47\h\lcd.h
                  __pa_19   0x0006de    program     static F:\My projects\mplab\Real Time Clock.X\main.c
                   __pa_2   0x0005d2    program     static C:\Program Files (x86)\Microchip\mplabc18\v3.47\h\ds1307.h
                  __pa_20   0x0006ea    program     static C:\Program Files (x86)\Microchip\mplabc18\v3.47\h\lcd.h
                  __pa_21   0x0006f2    program     static C:\Program Files (x86)\Microchip\mplabc18\v3.47\h\lcd.h
                  __pa_22   0x000700    program     static C:\Program Files (x86)\Microchip\mplabc18\v3.47\h\lcd.h
                  __pa_23   0x00070c    program     static C:\Program Files (x86)\Microchip\mplabc18\v3.47\h\lcd.h
                  __pa_24   0x000714    program     static C:\Program Files (x86)\Microchip\mplabc18\v3.47\h\lcd.h
                  __pa_25   0x00071c    program     static C:\Program Files (x86)\Microchip\mplabc18\v3.47\h\ds1307.h
                   __pa_3   0x0005da    program     static C:\Program Files (x86)\Microchip\mplabc18\v3.47\h\lcd.h
                   __pa_4   0x0005e2    program     static C:\Program Files (x86)\Microchip\mplabc18\v3.47\h\ds1307.h
                   __pa_5   0x0005ec    program     static F:\My projects\mplab\Real Time Clock.X\main.c
                   __pa_6   0x0005f8    program     static C:\Program Files (x86)\Microchip\mplabc18\v3.47\h\lcd.h
                   __pa_7   0x000600    program     static C:\Program Files (x86)\Microchip\mplabc18\v3.47\h\lcd.h
                   __pa_8   0x000626    program     static C:\Program Files (x86)\Microchip\mplabc18\v3.47\h\lcd.h
                   __pa_9   0x000648    program     static C:\Program Files (x86)\Microchip\mplabc18\v3.47\h\lcd.h
               __string_0   0x000800    program     static F:\My projects\mplab\Real Time Clock.X\main.c
               __string_1   0x0007f0    program     static F:\My projects\mplab\Real Time Clock.X\main.c
              __string_10   0x0007ca    program     static F:\My projects\mplab\Real Time Clock.X\main.c
              __string_11   0x0007c6    program     static F:\My projects\mplab\Real Time Clock.X\main.c
              __string_12   0x0007c2    program     static F:\My projects\mplab\Real Time Clock.X\main.c
               __string_2   0x0007ea    program     static F:\My projects\mplab\Real Time Clock.X\main.c
               __string_3   0x0007e4    program     static F:\My projects\mplab\Real Time Clock.X\main.c
               __string_4   0x0007e1    program     static F:\My projects\mplab\Real Time Clock.X\main.c
               __string_5   0x0007de    program     static F:\My projects\mplab\Real Time Clock.X\main.c
               __string_6   0x0007da    program     static F:\My projects\mplab\Real Time Clock.X\main.c
               __string_7   0x0007d6    program     static F:\My projects\mplab\Real Time Clock.X\main.c
               __string_8   0x0007d2    program     static F:\My projects\mplab\Real Time Clock.X\main.c
               __string_9   0x0007ce    program     static F:\My projects\mplab\Real Time Clock.X\main.c
            __zero_memory   0x00083c    program     extern E:\3.46\pic18-lt\cxx-framework\src\traditional\proc\p18f452.asm
                _do_cinit   0x000724    program     extern E:\3.46\pic18-lt\cxx-framework\src\traditional\startup\c018i.c
                   _entry   0x000000    program     extern E:\3.46\pic18-lt\cxx-framework\src\traditional\startup\c018i.c
                 _startup   0x00085c    program     extern E:\3.46\pic18-lt\cxx-framework\src\traditional\startup\c018i.c
               ampm_check   0x000364    program     extern C:\Program Files (x86)\Microchip\mplabc18\v3.47\h\ds1307.h
                compare_l   0x000852    program     static E:\3.46\pic18-lt\cxx-framework\src\traditional\proc\p18f452.asm
                copy_loop   0x000796    program     static                          
            copy_one_byte   0x00079c    program     static                          
               curser_pos   0x000234    program     extern C:\Program Files (x86)\Microchip\mplabc18\v3.47\h\lcd.h
                    delay   0x0002ba    program     extern C:\Program Files (x86)\Microchip\mplabc18\v3.47\h\delay.h
                 delay_ms   0x000064    program     extern C:\Program Files (x86)\Microchip\mplabc18\v3.47\h\lcd.h
                     done   0x0007c0    program     static                          
             done_copying   0x0007aa    program     static                          
                  endloop   0x000836    program     static                          
          lcd_BCD_display   0x0000ea    program     extern C:\Program Files (x86)\Microchip\mplabc18\v3.47\h\lcd.h
      lcd_Decimal_display   0x0000a2    program     extern C:\Program Files (x86)\Microchip\mplabc18\v3.47\h\lcd.h
                lcd_clear   0x00022e    program     extern C:\Program Files (x86)\Microchip\mplabc18\v3.47\h\lcd.h
                 lcd_init   0x000134    program     extern C:\Program Files (x86)\Microchip\mplabc18\v3.47\h\lcd.h
          lcd_msg_display   0x000208    program     extern C:\Program Files (x86)\Microchip\mplabc18\v3.47\h\lcd.h
                lcd_ready   0x0002a2    program     extern C:\Program Files (x86)\Microchip\mplabc18\v3.47\h\lcd.h
           lcd_shift_left   0x00026e    program     extern C:\Program Files (x86)\Microchip\mplabc18\v3.47\h\lcd.h
          lcd_shift_right   0x000288    program     extern C:\Program Files (x86)\Microchip\mplabc18\v3.47\h\lcd.h
          lcd_var_display   0x000014    program     extern C:\Program Files (x86)\Microchip\mplabc18\v3.47\h\lcd.h
                   lcdcmd   0x000194    program     extern C:\Program Files (x86)\Microchip\mplabc18\v3.47\h\lcd.h
                  lcddata   0x0001e2    program     extern C:\Program Files (x86)\Microchip\mplabc18\v3.47\h\lcd.h
                     loop   0x00086c    program     static                          
                     loop   0x00081a    program     static                          
                   loop_h   0x00084a    program     static E:\3.46\pic18-lt\cxx-framework\src\traditional\proc\p18f452.asm
                   loop_l   0x000854    program     static E:\3.46\pic18-lt\cxx-framework\src\traditional\proc\p18f452.asm
                     main   0x00042c    program     extern F:\My projects\mplab\Real Time Clock.X\main.c
                send_data   0x0001b2    program     extern C:\Program Files (x86)\Microchip\mplabc18\v3.47\h\lcd.h
                     test   0x00073e    program     static                          
               zero_block   0x00084a    program     static E:\3.46\pic18-lt\cxx-framework\src\traditional\proc\p18f452.asm
                   ADCON0   0x000fc2       data     extern E:\3.46\pic18-lt\cxx-framework\src\traditional\proc\p18f452.asm
               ADCON0bits   0x000fc2       data     extern E:\3.46\pic18-lt\cxx-framework\src\traditional\proc\p18f452.asm
                   ADCON1   0x000fc1       data     extern E:\3.46\pic18-lt\cxx-framework\src\traditional\proc\p18f452.asm
               ADCON1bits   0x000fc1       data     extern E:\3.46\pic18-lt\cxx-framework\src\traditional\proc\p18f452.asm
                    ADRES   0x000fc3       data     extern E:\3.46\pic18-lt\cxx-framework\src\traditional\proc\p18f452.asm
                   ADRESH   0x000fc4       data     extern E:\3.46\pic18-lt\cxx-framework\src\traditional\proc\p18f452.asm
                   ADRESL   0x000fc3       data     extern E:\3.46\pic18-lt\cxx-framework\src\traditional\proc\p18f452.asm
                      BSR   0x000fe0       data     extern E:\3.46\pic18-lt\cxx-framework\src\traditional\proc\p18f452.asm
                  CCP1CON   0x000fbd       data     extern E:\3.46\pic18-lt\cxx-framework\src\traditional\proc\p18f452.asm
              CCP1CONbits   0x000fbd       data     extern E:\3.46\pic18-lt\cxx-framework\src\traditional\proc\p18f452.asm
                  CCP2CON   0x000fba       data     extern E:\3.46\pic18-lt\cxx-framework\src\traditional\proc\p18f452.asm
              CCP2CONbits   0x000fba       data     extern E:\3.46\pic18-lt\cxx-framework\src\traditional\proc\p18f452.asm
                    CCPR1   0x000fbe       data     extern E:\3.46\pic18-lt\cxx-framework\src\traditional\proc\p18f452.asm
                   CCPR1H   0x000fbf       data     extern E:\3.46\pic18-lt\cxx-framework\src\traditional\proc\p18f452.asm
                   CCPR1L   0x000fbe       data     extern E:\3.46\pic18-lt\cxx-framework\src\traditional\proc\p18f452.asm
                    CCPR2   0x000fbb       data     extern E:\3.46\pic18-lt\cxx-framework\src\traditional\proc\p18f452.asm
                   CCPR2H   0x000fbc       data     extern E:\3.46\pic18-lt\cxx-framework\src\traditional\proc\p18f452.asm
                   CCPR2L   0x000fbb       data     extern E:\3.46\pic18-lt\cxx-framework\src\traditional\proc\p18f452.asm
                     DDRA   0x000f92       data     extern E:\3.46\pic18-lt\cxx-framework\src\traditional\proc\p18f452.asm
                 DDRAbits   0x000f92       data     extern E:\3.46\pic18-lt\cxx-framework\src\traditional\proc\p18f452.asm
                     DDRB   0x000f93       data     extern E:\3.46\pic18-lt\cxx-framework\src\traditional\proc\p18f452.asm
                 DDRBbits   0x000f93       data     extern E:\3.46\pic18-lt\cxx-framework\src\traditional\proc\p18f452.asm
                     DDRC   0x000f94       data     extern E:\3.46\pic18-lt\cxx-framework\src\traditional\proc\p18f452.asm
                 DDRCbits   0x000f94       data     extern E:\3.46\pic18-lt\cxx-framework\src\traditional\proc\p18f452.asm
                     DDRD   0x000f95       data     extern E:\3.46\pic18-lt\cxx-framework\src\traditional\proc\p18f452.asm
                 DDRDbits   0x000f95       data     extern E:\3.46\pic18-lt\cxx-framework\src\traditional\proc\p18f452.asm
                     DDRE   0x000f96       data     extern E:\3.46\pic18-lt\cxx-framework\src\traditional\proc\p18f452.asm
                 DDREbits   0x000f96       data     extern E:\3.46\pic18-lt\cxx-framework\src\traditional\proc\p18f452.asm
                    EEADR   0x000fa9       data     extern E:\3.46\pic18-lt\cxx-framework\src\traditional\proc\p18f452.asm
                   EECON1   0x000fa6       data     extern E:\3.46\pic18-lt\cxx-framework\src\traditional\proc\p18f452.asm
               EECON1bits   0x000fa6       data     extern E:\3.46\pic18-lt\cxx-framework\src\traditional\proc\p18f452.asm
                   EECON2   0x000fa7       data     extern E:\3.46\pic18-lt\cxx-framework\src\traditional\proc\p18f452.asm
                   EEDATA   0x000fa8       data     extern E:\3.46\pic18-lt\cxx-framework\src\traditional\proc\p18f452.asm
                     FSR0   0x000fe9       data     extern E:\3.46\pic18-lt\cxx-framework\src\traditional\proc\p18f452.asm
                    FSR0H   0x000fea       data     extern E:\3.46\pic18-lt\cxx-framework\src\traditional\proc\p18f452.asm
                    FSR0L   0x000fe9       data     extern E:\3.46\pic18-lt\cxx-framework\src\traditional\proc\p18f452.asm
                     FSR1   0x000fe1       data     extern E:\3.46\pic18-lt\cxx-framework\src\traditional\proc\p18f452.asm
                    FSR1H   0x000fe2       data     extern E:\3.46\pic18-lt\cxx-framework\src\traditional\proc\p18f452.asm
                    FSR1L   0x000fe1       data     extern E:\3.46\pic18-lt\cxx-framework\src\traditional\proc\p18f452.asm
                     FSR2   0x000fd9       data     extern E:\3.46\pic18-lt\cxx-framework\src\traditional\proc\p18f452.asm
                    FSR2H   0x000fda       data     extern E:\3.46\pic18-lt\cxx-framework\src\traditional\proc\p18f452.asm
                    FSR2L   0x000fd9       data     extern E:\3.46\pic18-lt\cxx-framework\src\traditional\proc\p18f452.asm
                    INDF0   0x000fef       data     extern E:\3.46\pic18-lt\cxx-framework\src\traditional\proc\p18f452.asm
                    INDF1   0x000fe7       data     extern E:\3.46\pic18-lt\cxx-framework\src\traditional\proc\p18f452.asm
                    INDF2   0x000fdf       data     extern E:\3.46\pic18-lt\cxx-framework\src\traditional\proc\p18f452.asm
                   INTCON   0x000ff2       data     extern E:\3.46\pic18-lt\cxx-framework\src\traditional\proc\p18f452.asm
                  INTCON1   0x000ff2       data     extern E:\3.46\pic18-lt\cxx-framework\src\traditional\proc\p18f452.asm
              INTCON1bits   0x000ff2       data     extern E:\3.46\pic18-lt\cxx-framework\src\traditional\proc\p18f452.asm
                  INTCON2   0x000ff1       data     extern E:\3.46\pic18-lt\cxx-framework\src\traditional\proc\p18f452.asm
              INTCON2bits   0x000ff1       data     extern E:\3.46\pic18-lt\cxx-framework\src\traditional\proc\p18f452.asm
                  INTCON3   0x000ff0       data     extern E:\3.46\pic18-lt\cxx-framework\src\traditional\proc\p18f452.asm
              INTCON3bits   0x000ff0       data     extern E:\3.46\pic18-lt\cxx-framework\src\traditional\proc\p18f452.asm
               INTCONbits   0x000ff2       data     extern E:\3.46\pic18-lt\cxx-framework\src\traditional\proc\p18f452.asm
                     IPR1   0x000f9f       data     extern E:\3.46\pic18-lt\cxx-framework\src\traditional\proc\p18f452.asm
                 IPR1bits   0x000f9f       data     extern E:\3.46\pic18-lt\cxx-framework\src\traditional\proc\p18f452.asm
                     IPR2   0x000fa2       data     extern E:\3.46\pic18-lt\cxx-framework\src\traditional\proc\p18f452.asm
                 IPR2bits   0x000fa2       data     extern E:\3.46\pic18-lt\cxx-framework\src\traditional\proc\p18f452.asm
                     LATA   0x000f89       data     extern E:\3.46\pic18-lt\cxx-framework\src\traditional\proc\p18f452.asm
                 LATAbits   0x000f89       data     extern E:\3.46\pic18-lt\cxx-framework\src\traditional\proc\p18f452.asm
                     LATB   0x000f8a       data     extern E:\3.46\pic18-lt\cxx-framework\src\traditional\proc\p18f452.asm
                 LATBbits   0x000f8a       data     extern E:\3.46\pic18-lt\cxx-framework\src\traditional\proc\p18f452.asm
                     LATC   0x000f8b       data     extern E:\3.46\pic18-lt\cxx-framework\src\traditional\proc\p18f452.asm
                 LATCbits   0x000f8b       data     extern E:\3.46\pic18-lt\cxx-framework\src\traditional\proc\p18f452.asm
                     LATD   0x000f8c       data     extern E:\3.46\pic18-lt\cxx-framework\src\traditional\proc\p18f452.asm
                 LATDbits   0x000f8c       data     extern E:\3.46\pic18-lt\cxx-framework\src\traditional\proc\p18f452.asm
                     LATE   0x000f8d       data     extern E:\3.46\pic18-lt\cxx-framework\src\traditional\proc\p18f452.asm
                 LATEbits   0x000f8d       data     extern E:\3.46\pic18-lt\cxx-framework\src\traditional\proc\p18f452.asm
                   LVDCON   0x000fd2       data     extern E:\3.46\pic18-lt\cxx-framework\src\traditional\proc\p18f452.asm
               LVDCONbits   0x000fd2       data     extern E:\3.46\pic18-lt\cxx-framework\src\traditional\proc\p18f452.asm
                   OSCCON   0x000fd3       data     extern E:\3.46\pic18-lt\cxx-framework\src\traditional\proc\p18f452.asm
               OSCCONbits   0x000fd3       data     extern E:\3.46\pic18-lt\cxx-framework\src\traditional\proc\p18f452.asm
                       PC   0x000ff9       data     extern E:\3.46\pic18-lt\cxx-framework\src\traditional\proc\p18f452.asm
                      PCL   0x000ff9       data     extern E:\3.46\pic18-lt\cxx-framework\src\traditional\proc\p18f452.asm
                   PCLATH   0x000ffa       data     extern E:\3.46\pic18-lt\cxx-framework\src\traditional\proc\p18f452.asm
                   PCLATU   0x000ffb       data     extern E:\3.46\pic18-lt\cxx-framework\src\traditional\proc\p18f452.asm
                     PIE1   0x000f9d       data     extern E:\3.46\pic18-lt\cxx-framework\src\traditional\proc\p18f452.asm
                 PIE1bits   0x000f9d       data     extern E:\3.46\pic18-lt\cxx-framework\src\traditional\proc\p18f452.asm
                     PIE2   0x000fa0       data     extern E:\3.46\pic18-lt\cxx-framework\src\traditional\proc\p18f452.asm
                 PIE2bits   0x000fa0       data     extern E:\3.46\pic18-lt\cxx-framework\src\traditional\proc\p18f452.asm
                     PIR1   0x000f9e       data     extern E:\3.46\pic18-lt\cxx-framework\src\traditional\proc\p18f452.asm
                 PIR1bits   0x000f9e       data     extern E:\3.46\pic18-lt\cxx-framework\src\traditional\proc\p18f452.asm
                     PIR2   0x000fa1       data     extern E:\3.46\pic18-lt\cxx-framework\src\traditional\proc\p18f452.asm
                 PIR2bits   0x000fa1       data     extern E:\3.46\pic18-lt\cxx-framework\src\traditional\proc\p18f452.asm
                   PLUSW0   0x000feb       data     extern E:\3.46\pic18-lt\cxx-framework\src\traditional\proc\p18f452.asm
                   PLUSW1   0x000fe3       data     extern E:\3.46\pic18-lt\cxx-framework\src\traditional\proc\p18f452.asm
                   PLUSW2   0x000fdb       data     extern E:\3.46\pic18-lt\cxx-framework\src\traditional\proc\p18f452.asm
                    PORTA   0x000f80       data     extern E:\3.46\pic18-lt\cxx-framework\src\traditional\proc\p18f452.asm
                PORTAbits   0x000f80       data     extern E:\3.46\pic18-lt\cxx-framework\src\traditional\proc\p18f452.asm
                    PORTB   0x000f81       data     extern E:\3.46\pic18-lt\cxx-framework\src\traditional\proc\p18f452.asm
                PORTBbits   0x000f81       data     extern E:\3.46\pic18-lt\cxx-framework\src\traditional\proc\p18f452.asm
                    PORTC   0x000f82       data     extern E:\3.46\pic18-lt\cxx-framework\src\traditional\proc\p18f452.asm
                PORTCbits   0x000f82       data     extern E:\3.46\pic18-lt\cxx-framework\src\traditional\proc\p18f452.asm
                    PORTD   0x000f83       data     extern E:\3.46\pic18-lt\cxx-framework\src\traditional\proc\p18f452.asm
                PORTDbits   0x000f83       data     extern E:\3.46\pic18-lt\cxx-framework\src\traditional\proc\p18f452.asm
                    PORTE   0x000f84       data     extern E:\3.46\pic18-lt\cxx-framework\src\traditional\proc\p18f452.asm
                PORTEbits   0x000f84       data     extern E:\3.46\pic18-lt\cxx-framework\src\traditional\proc\p18f452.asm
                 POSTDEC0   0x000fed       data     extern E:\3.46\pic18-lt\cxx-framework\src\traditional\proc\p18f452.asm
                 POSTDEC1   0x000fe5       data     extern E:\3.46\pic18-lt\cxx-framework\src\traditional\proc\p18f452.asm
                 POSTDEC2   0x000fdd       data     extern E:\3.46\pic18-lt\cxx-framework\src\traditional\proc\p18f452.asm
                 POSTINC0   0x000fee       data     extern E:\3.46\pic18-lt\cxx-framework\src\traditional\proc\p18f452.asm
                 POSTINC1   0x000fe6       data     extern E:\3.46\pic18-lt\cxx-framework\src\traditional\proc\p18f452.asm
                 POSTINC2   0x000fde       data     extern E:\3.46\pic18-lt\cxx-framework\src\traditional\proc\p18f452.asm
                      PR2   0x000fcb       data     extern E:\3.46\pic18-lt\cxx-framework\src\traditional\proc\p18f452.asm
                  PREINC0   0x000fec       data     extern E:\3.46\pic18-lt\cxx-framework\src\traditional\proc\p18f452.asm
                  PREINC1   0x000fe4       data     extern E:\3.46\pic18-lt\cxx-framework\src\traditional\proc\p18f452.asm
                  PREINC2   0x000fdc       data     extern E:\3.46\pic18-lt\cxx-framework\src\traditional\proc\p18f452.asm
                     PROD   0x000ff3       data     extern E:\3.46\pic18-lt\cxx-framework\src\traditional\proc\p18f452.asm
                    PRODH   0x000ff4       data     extern E:\3.46\pic18-lt\cxx-framework\src\traditional\proc\p18f452.asm
                    PRODL   0x000ff3       data     extern E:\3.46\pic18-lt\cxx-framework\src\traditional\proc\p18f452.asm
                     RCON   0x000fd0       data     extern E:\3.46\pic18-lt\cxx-framework\src\traditional\proc\p18f452.asm
                 RCONbits   0x000fd0       data     extern E:\3.46\pic18-lt\cxx-framework\src\traditional\proc\p18f452.asm
                    RCREG   0x000fae       data     extern E:\3.46\pic18-lt\cxx-framework\src\traditional\proc\p18f452.asm
                    RCSTA   0x000fab       data     extern E:\3.46\pic18-lt\cxx-framework\src\traditional\proc\p18f452.asm
                RCSTAbits   0x000fab       data     extern E:\3.46\pic18-lt\cxx-framework\src\traditional\proc\p18f452.asm
                     SIGN   0x00000e       data     extern E:\3.46\pic18-lt\cxx-framework\src\traditional\math\cmath18.asm
                    SPBRG   0x000faf       data     extern E:\3.46\pic18-lt\cxx-framework\src\traditional\proc\p18f452.asm
                   SSPADD   0x000fc8       data     extern E:\3.46\pic18-lt\cxx-framework\src\traditional\proc\p18f452.asm
                   SSPBUF   0x000fc9       data     extern E:\3.46\pic18-lt\cxx-framework\src\traditional\proc\p18f452.asm
                  SSPCON1   0x000fc6       data     extern E:\3.46\pic18-lt\cxx-framework\src\traditional\proc\p18f452.asm
              SSPCON1bits   0x000fc6       data     extern E:\3.46\pic18-lt\cxx-framework\src\traditional\proc\p18f452.asm
                  SSPCON2   0x000fc5       data     extern E:\3.46\pic18-lt\cxx-framework\src\traditional\proc\p18f452.asm
              SSPCON2bits   0x000fc5       data     extern E:\3.46\pic18-lt\cxx-framework\src\traditional\proc\p18f452.asm
                  SSPSTAT   0x000fc7       data     extern E:\3.46\pic18-lt\cxx-framework\src\traditional\proc\p18f452.asm
              SSPSTATbits   0x000fc7       data     extern E:\3.46\pic18-lt\cxx-framework\src\traditional\proc\p18f452.asm
                   STATUS   0x000fd8       data     extern E:\3.46\pic18-lt\cxx-framework\src\traditional\proc\p18f452.asm
               STATUSbits   0x000fd8       data     extern E:\3.46\pic18-lt\cxx-framework\src\traditional\proc\p18f452.asm
                   STKPTR   0x000ffc       data     extern E:\3.46\pic18-lt\cxx-framework\src\traditional\proc\p18f452.asm
               STKPTRbits   0x000ffc       data     extern E:\3.46\pic18-lt\cxx-framework\src\traditional\proc\p18f452.asm
                    T0CON   0x000fd5       data     extern E:\3.46\pic18-lt\cxx-framework\src\traditional\proc\p18f452.asm
                T0CONbits   0x000fd5       data     extern E:\3.46\pic18-lt\cxx-framework\src\traditional\proc\p18f452.asm
                    T1CON   0x000fcd       data     extern E:\3.46\pic18-lt\cxx-framework\src\traditional\proc\p18f452.asm
                T1CONbits   0x000fcd       data     extern E:\3.46\pic18-lt\cxx-framework\src\traditional\proc\p18f452.asm
                    T2CON   0x000fca       data     extern E:\3.46\pic18-lt\cxx-framework\src\traditional\proc\p18f452.asm
                T2CONbits   0x000fca       data     extern E:\3.46\pic18-lt\cxx-framework\src\traditional\proc\p18f452.asm
                    T3CON   0x000fb1       data     extern E:\3.46\pic18-lt\cxx-framework\src\traditional\proc\p18f452.asm
                T3CONbits   0x000fb1       data     extern E:\3.46\pic18-lt\cxx-framework\src\traditional\proc\p18f452.asm
                   TABLAT   0x000ff5       data     extern E:\3.46\pic18-lt\cxx-framework\src\traditional\proc\p18f452.asm
                   TBLPTR   0x000ff6       data     extern E:\3.46\pic18-lt\cxx-framework\src\traditional\proc\p18f452.asm
                  TBLPTRH   0x000ff7       data     extern E:\3.46\pic18-lt\cxx-framework\src\traditional\proc\p18f452.asm
                  TBLPTRL   0x000ff6       data     extern E:\3.46\pic18-lt\cxx-framework\src\traditional\proc\p18f452.asm
                  TBLPTRU   0x000ff8       data     extern E:\3.46\pic18-lt\cxx-framework\src\traditional\proc\p18f452.asm
                    TMR0H   0x000fd7       data     extern E:\3.46\pic18-lt\cxx-framework\src\traditional\proc\p18f452.asm
                    TMR0L   0x000fd6       data     extern E:\3.46\pic18-lt\cxx-framework\src\traditional\proc\p18f452.asm
                    TMR1H   0x000fcf       data     extern E:\3.46\pic18-lt\cxx-framework\src\traditional\proc\p18f452.asm
                    TMR1L   0x000fce       data     extern E:\3.46\pic18-lt\cxx-framework\src\traditional\proc\p18f452.asm
                     TMR2   0x000fcc       data     extern E:\3.46\pic18-lt\cxx-framework\src\traditional\proc\p18f452.asm
                    TMR3H   0x000fb3       data     extern E:\3.46\pic18-lt\cxx-framework\src\traditional\proc\p18f452.asm
                    TMR3L   0x000fb2       data     extern E:\3.46\pic18-lt\cxx-framework\src\traditional\proc\p18f452.asm
                      TOS   0x000ffd       data     extern E:\3.46\pic18-lt\cxx-framework\src\traditional\proc\p18f452.asm
                     TOSH   0x000ffe       data     extern E:\3.46\pic18-lt\cxx-framework\src\traditional\proc\p18f452.asm
                     TOSL   0x000ffd       data     extern E:\3.46\pic18-lt\cxx-framework\src\traditional\proc\p18f452.asm
                     TOSU   0x000fff       data     extern E:\3.46\pic18-lt\cxx-framework\src\traditional\proc\p18f452.asm
                    TRISA   0x000f92       data     extern E:\3.46\pic18-lt\cxx-framework\src\traditional\proc\p18f452.asm
                TRISAbits   0x000f92       data     extern E:\3.46\pic18-lt\cxx-framework\src\traditional\proc\p18f452.asm
                    TRISB   0x000f93       data     extern E:\3.46\pic18-lt\cxx-framework\src\traditional\proc\p18f452.asm
                TRISBbits   0x000f93       data     extern E:\3.46\pic18-lt\cxx-framework\src\traditional\proc\p18f452.asm
                    TRISC   0x000f94       data     extern E:\3.46\pic18-lt\cxx-framework\src\traditional\proc\p18f452.asm
                TRISCbits   0x000f94       data     extern E:\3.46\pic18-lt\cxx-framework\src\traditional\proc\p18f452.asm
                    TRISD   0x000f95       data     extern E:\3.46\pic18-lt\cxx-framework\src\traditional\proc\p18f452.asm
                TRISDbits   0x000f95       data     extern E:\3.46\pic18-lt\cxx-framework\src\traditional\proc\p18f452.asm
                    TRISE   0x000f96       data     extern E:\3.46\pic18-lt\cxx-framework\src\traditional\proc\p18f452.asm
                TRISEbits   0x000f96       data     extern E:\3.46\pic18-lt\cxx-framework\src\traditional\proc\p18f452.asm
                    TXREG   0x000fad       data     extern E:\3.46\pic18-lt\cxx-framework\src\traditional\proc\p18f452.asm
                    TXSTA   0x000fac       data     extern E:\3.46\pic18-lt\cxx-framework\src\traditional\proc\p18f452.asm
                TXSTAbits   0x000fac       data     extern E:\3.46\pic18-lt\cxx-framework\src\traditional\proc\p18f452.asm
                        W   0x000fe8       data     extern E:\3.46\pic18-lt\cxx-framework\src\traditional\proc\p18f452.asm
                   WDTCON   0x000fd1       data     extern E:\3.46\pic18-lt\cxx-framework\src\traditional\proc\p18f452.asm
               WDTCONbits   0x000fd1       data     extern E:\3.46\pic18-lt\cxx-framework\src\traditional\proc\p18f452.asm
                     WREG   0x000fe8       data     extern E:\3.46\pic18-lt\cxx-framework\src\traditional\proc\p18f452.asm
                 __AARGB0   0x000007       data     extern E:\3.46\pic18-lt\cxx-framework\src\traditional\math\aarg.asm
                 __AARGB1   0x000006       data     extern E:\3.46\pic18-lt\cxx-framework\src\traditional\math\aarg.asm
                 __AARGB2   0x000005       data     extern E:\3.46\pic18-lt\cxx-framework\src\traditional\math\aarg.asm
                 __AARGB3   0x000004       data     extern E:\3.46\pic18-lt\cxx-framework\src\traditional\math\aarg.asm
                 __AARGB4   0x000003       data     extern E:\3.46\pic18-lt\cxx-framework\src\traditional\math\aarg.asm
                 __AARGB5   0x000002       data     extern E:\3.46\pic18-lt\cxx-framework\src\traditional\math\aarg.asm
                 __AARGB6   0x000001       data     extern E:\3.46\pic18-lt\cxx-framework\src\traditional\math\aarg.asm
                 __AARGB7   0x000000       data     extern E:\3.46\pic18-lt\cxx-framework\src\traditional\math\aarg.asm
                   __AEXP   0x000008       data     extern E:\3.46\pic18-lt\cxx-framework\src\traditional\math\aarg.asm
                 __BARGB0   0x00000c       data     extern E:\3.46\pic18-lt\cxx-framework\src\traditional\math\barg.asm
                 __BARGB1   0x00000b       data     extern E:\3.46\pic18-lt\cxx-framework\src\traditional\math\barg.asm
                 __BARGB2   0x00000a       data     extern E:\3.46\pic18-lt\cxx-framework\src\traditional\math\barg.asm
                 __BARGB3   0x000009       data     extern E:\3.46\pic18-lt\cxx-framework\src\traditional\math\barg.asm
                   __BEXP   0x00000d       data     extern E:\3.46\pic18-lt\cxx-framework\src\traditional\math\barg.asm
                __FPFLAGS   0x00000f       data     extern E:\3.46\pic18-lt\cxx-framework\src\traditional\math\cmath18.asm
            __FPFLAGSbits   0x00000f       data     extern E:\3.46\pic18-lt\cxx-framework\src\traditional\math\cmath18.asm
                  __REMB0   0x000003       data     extern E:\3.46\pic18-lt\cxx-framework\src\traditional\math\aarg.asm
                  __REMB1   0x000002       data     extern E:\3.46\pic18-lt\cxx-framework\src\traditional\math\aarg.asm
                  __REMB2   0x000001       data     extern E:\3.46\pic18-lt\cxx-framework\src\traditional\math\aarg.asm
                  __REMB3   0x000000       data     extern E:\3.46\pic18-lt\cxx-framework\src\traditional\math\aarg.asm
      __lcd_var_display:0   0x000080       data     extern C:\Program Files (x86)\Microchip\mplabc18\v3.47\h\lcd.h
                  __tmp_0   0x000010       data     static F:\My projects\mplab\Real Time Clock.X\main.c
                        a   0x000080       data     static C:\Program Files (x86)\Microchip\mplabc18\v3.47\h\lcd.h
                       am   0x000095       data     extern C:\Program Files (x86)\Microchip\mplabc18\v3.47\h\ds1307.h
               check_4bit   0x000094       data     extern C:\Program Files (x86)\Microchip\mplabc18\v3.47\h\lcd.h
                curr_byte   0x00008d       data     static E:\3.46\pic18-lt\cxx-framework\src\traditional\startup\c018i.c
               curr_entry   0x00008f       data     static E:\3.46\pic18-lt\cxx-framework\src\traditional\startup\c018i.c
                 data_ptr   0x000091       data     static E:\3.46\pic18-lt\cxx-framework\src\traditional\startup\c018i.c
                     date   0x000082       data     extern F:\My projects\mplab\Real Time Clock.X\main.c
                      dow   0x000089       data     extern F:\My projects\mplab\Real Time Clock.X\main.c
                     hour   0x000085       data     extern F:\My projects\mplab\Real Time Clock.X\main.c
                    hour1   0x000088       data     extern F:\My projects\mplab\Real Time Clock.X\main.c
                      min   0x000086       data     extern F:\My projects\mplab\Real Time Clock.X\main.c
                    month   0x000083       data     extern F:\My projects\mplab\Real Time Clock.X\main.c
                       pm   0x000096       data     extern C:\Program Files (x86)\Microchip\mplabc18\v3.47\h\ds1307.h
                     prom   0x00008a       data     static E:\3.46\pic18-lt\cxx-framework\src\traditional\startup\c018i.c
                      sec   0x000087       data     extern F:\My projects\mplab\Real Time Clock.X\main.c
                     year   0x000084       data     extern F:\My projects\mplab\Real Time Clock.X\main.c



                              Symbols - Sorted by Address
                     Name    Address   Location    Storage File                     
                ---------  ---------  ---------  --------- ---------                
                   _entry   0x000000    program     extern E:\3.46\pic18-lt\cxx-framework\src\traditional\startup\c018i.c
       ___return_lbl00000   0x000004    program     static                          
          lcd_var_display   0x000014    program     extern C:\Program Files (x86)\Microchip\mplabc18\v3.47\h\lcd.h
                 delay_ms   0x000064    program     extern C:\Program Files (x86)\Microchip\mplabc18\v3.47\h\lcd.h
      lcd_Decimal_display   0x0000a2    program     extern C:\Program Files (x86)\Microchip\mplabc18\v3.47\h\lcd.h
          lcd_BCD_display   0x0000ea    program     extern C:\Program Files (x86)\Microchip\mplabc18\v3.47\h\lcd.h
                 lcd_init   0x000134    program     extern C:\Program Files (x86)\Microchip\mplabc18\v3.47\h\lcd.h
                   lcdcmd   0x000194    program     extern C:\Program Files (x86)\Microchip\mplabc18\v3.47\h\lcd.h
                send_data   0x0001b2    program     extern C:\Program Files (x86)\Microchip\mplabc18\v3.47\h\lcd.h
                  lcddata   0x0001e2    program     extern C:\Program Files (x86)\Microchip\mplabc18\v3.47\h\lcd.h
          lcd_msg_display   0x000208    program     extern C:\Program Files (x86)\Microchip\mplabc18\v3.47\h\lcd.h
                lcd_clear   0x00022e    program     extern C:\Program Files (x86)\Microchip\mplabc18\v3.47\h\lcd.h
               curser_pos   0x000234    program     extern C:\Program Files (x86)\Microchip\mplabc18\v3.47\h\lcd.h
           lcd_shift_left   0x00026e    program     extern C:\Program Files (x86)\Microchip\mplabc18\v3.47\h\lcd.h
          lcd_shift_right   0x000288    program     extern C:\Program Files (x86)\Microchip\mplabc18\v3.47\h\lcd.h
                lcd_ready   0x0002a2    program     extern C:\Program Files (x86)\Microchip\mplabc18\v3.47\h\lcd.h
                    delay   0x0002ba    program     extern C:\Program Files (x86)\Microchip\mplabc18\v3.47\h\delay.h
                  InitI2C   0x0002f8    program     extern C:\Program Files (x86)\Microchip\mplabc18\v3.47\h\i2c.h
                I2C_start   0x00030a    program     extern C:\Program Files (x86)\Microchip\mplabc18\v3.47\h\i2c.h
              I2C_Restart   0x000314    program     extern C:\Program Files (x86)\Microchip\mplabc18\v3.47\h\i2c.h
                 I2C_stop   0x00031e    program     extern C:\Program Files (x86)\Microchip\mplabc18\v3.47\h\i2c.h
             I2C_Send_ACK   0x000328    program     extern C:\Program Files (x86)\Microchip\mplabc18\v3.47\h\i2c.h
            I2C_Send_NACK   0x000334    program     extern C:\Program Files (x86)\Microchip\mplabc18\v3.47\h\i2c.h
                I2C_write   0x000340    program     extern C:\Program Files (x86)\Microchip\mplabc18\v3.47\h\i2c.h
                 I2C_read   0x000358    program     extern C:\Program Files (x86)\Microchip\mplabc18\v3.47\h\i2c.h
               ampm_check   0x000364    program     extern C:\Program Files (x86)\Microchip\mplabc18\v3.47\h\ds1307.h
           DS1307_settime   0x00039c    program     extern C:\Program Files (x86)\Microchip\mplabc18\v3.47\h\ds1307.h
           DS1307_setdate   0x0003f0    program     extern C:\Program Files (x86)\Microchip\mplabc18\v3.47\h\ds1307.h
               DS1307_get   0x00040e    program     extern C:\Program Files (x86)\Microchip\mplabc18\v3.47\h\ds1307.h
                     main   0x00042c    program     extern F:\My projects\mplab\Real Time Clock.X\main.c
                   __pa_0   0x0005bc    program     static C:\Program Files (x86)\Microchip\mplabc18\v3.47\h\lcd.h
                   __pa_1   0x0005c8    program     static C:\Program Files (x86)\Microchip\mplabc18\v3.47\h\lcd.h
                   __pa_2   0x0005d2    program     static C:\Program Files (x86)\Microchip\mplabc18\v3.47\h\ds1307.h
                   __pa_3   0x0005da    program     static C:\Program Files (x86)\Microchip\mplabc18\v3.47\h\lcd.h
                   __pa_4   0x0005e2    program     static C:\Program Files (x86)\Microchip\mplabc18\v3.47\h\ds1307.h
                   __pa_5   0x0005ec    program     static F:\My projects\mplab\Real Time Clock.X\main.c
                   __pa_6   0x0005f8    program     static C:\Program Files (x86)\Microchip\mplabc18\v3.47\h\lcd.h
                   __pa_7   0x000600    program     static C:\Program Files (x86)\Microchip\mplabc18\v3.47\h\lcd.h
                   __pa_8   0x000626    program     static C:\Program Files (x86)\Microchip\mplabc18\v3.47\h\lcd.h
                   __pa_9   0x000648    program     static C:\Program Files (x86)\Microchip\mplabc18\v3.47\h\lcd.h
                  __pa_10   0x000664    program     static C:\Program Files (x86)\Microchip\mplabc18\v3.47\h\lcd.h
                  __pa_11   0x000678    program     static C:\Program Files (x86)\Microchip\mplabc18\v3.47\h\ds1307.h
                  __pa_12   0x000682    program     static F:\My projects\mplab\Real Time Clock.X\main.c
                  __pa_13   0x00068a    program     static C:\Program Files (x86)\Microchip\mplabc18\v3.47\h\lcd.h
                  __pa_14   0x0006a0    program     static F:\My projects\mplab\Real Time Clock.X\main.c
                  __pa_15   0x0006aa    program     static F:\My projects\mplab\Real Time Clock.X\main.c
                  __pa_16   0x0006b6    program     static C:\Program Files (x86)\Microchip\mplabc18\v3.47\h\lcd.h
                  __pa_17   0x0006c4    program     static C:\Program Files (x86)\Microchip\mplabc18\v3.47\h\lcd.h
                  __pa_18   0x0006d2    program     static C:\Program Files (x86)\Microchip\mplabc18\v3.47\h\lcd.h
                  __pa_19   0x0006de    program     static F:\My projects\mplab\Real Time Clock.X\main.c
                  __pa_20   0x0006ea    program     static C:\Program Files (x86)\Microchip\mplabc18\v3.47\h\lcd.h
                  __pa_21   0x0006f2    program     static C:\Program Files (x86)\Microchip\mplabc18\v3.47\h\lcd.h
                  __pa_22   0x000700    program     static C:\Program Files (x86)\Microchip\mplabc18\v3.47\h\lcd.h
                  __pa_23   0x00070c    program     static C:\Program Files (x86)\Microchip\mplabc18\v3.47\h\lcd.h
                  __pa_24   0x000714    program     static C:\Program Files (x86)\Microchip\mplabc18\v3.47\h\lcd.h
                  __pa_25   0x00071c    program     static C:\Program Files (x86)\Microchip\mplabc18\v3.47\h\ds1307.h
                _do_cinit   0x000724    program     extern E:\3.46\pic18-lt\cxx-framework\src\traditional\startup\c018i.c
                     test   0x00073e    program     static                          
                copy_loop   0x000796    program     static                          
            copy_one_byte   0x00079c    program     static                          
             done_copying   0x0007aa    program     static                          
                     done   0x0007c0    program     static                          
       ___return_lbl00002   0x0007c0    program     static                          
              __string_12   0x0007c2    program     static F:\My projects\mplab\Real Time Clock.X\main.c
              __string_11   0x0007c6    program     static F:\My projects\mplab\Real Time Clock.X\main.c
              __string_10   0x0007ca    program     static F:\My projects\mplab\Real Time Clock.X\main.c
               __string_9   0x0007ce    program     static F:\My projects\mplab\Real Time Clock.X\main.c
               __string_8   0x0007d2    program     static F:\My projects\mplab\Real Time Clock.X\main.c
               __string_7   0x0007d6    program     static F:\My projects\mplab\Real Time Clock.X\main.c
               __string_6   0x0007da    program     static F:\My projects\mplab\Real Time Clock.X\main.c
               __string_5   0x0007de    program     static F:\My projects\mplab\Real Time Clock.X\main.c
               __string_4   0x0007e1    program     static F:\My projects\mplab\Real Time Clock.X\main.c
               __string_3   0x0007e4    program     static F:\My projects\mplab\Real Time Clock.X\main.c
               __string_2   0x0007ea    program     static F:\My projects\mplab\Real Time Clock.X\main.c
               __string_1   0x0007f0    program     static F:\My projects\mplab\Real Time Clock.X\main.c
               __string_0   0x000800    program     static F:\My projects\mplab\Real Time Clock.X\main.c
                 FXD1616U   0x000810    program     extern E:\3.46\pic18-lt\cxx-framework\src\traditional\math\fxd1616u.c
                     loop   0x00081a    program     static                          
                  endloop   0x000836    program     static                          
       ___return_lbl00000   0x00083a    program     static                          
            __zero_memory   0x00083c    program     extern E:\3.46\pic18-lt\cxx-framework\src\traditional\proc\p18f452.asm
               zero_block   0x00084a    program     static E:\3.46\pic18-lt\cxx-framework\src\traditional\proc\p18f452.asm
                   loop_h   0x00084a    program     static E:\3.46\pic18-lt\cxx-framework\src\traditional\proc\p18f452.asm
                compare_l   0x000852    program     static E:\3.46\pic18-lt\cxx-framework\src\traditional\proc\p18f452.asm
                   loop_l   0x000854    program     static E:\3.46\pic18-lt\cxx-framework\src\traditional\proc\p18f452.asm
                 _startup   0x00085c    program     extern E:\3.46\pic18-lt\cxx-framework\src\traditional\startup\c018i.c
                     loop   0x00086c    program     static                          
       ___return_lbl00001   0x000876    program     static                          
                   __init   0x000878    program     extern E:\3.46\pic18-lt\cxx-framework\src\traditional\stdclib\__init.c
               __config_0   0x300001    program     static C:\Program Files (x86)\Microchip\mplabc18\v3.47\h\ds1307.h
               __config_1   0x300002    program     static C:\Program Files (x86)\Microchip\mplabc18\v3.47\h\ds1307.h
               __config_2   0x300003    program     static C:\Program Files (x86)\Microchip\mplabc18\v3.47\h\ds1307.h
               __config_3   0x300006    program     static C:\Program Files (x86)\Microchip\mplabc18\v3.47\h\ds1307.h
               __config_4   0x300008    program     static C:\Program Files (x86)\Microchip\mplabc18\v3.47\h\ds1307.h
               __config_5   0x300009    program     static C:\Program Files (x86)\Microchip\mplabc18\v3.47\h\ds1307.h
                  __REMB3   0x000000       data     extern E:\3.46\pic18-lt\cxx-framework\src\traditional\math\aarg.asm
                 __AARGB7   0x000000       data     extern E:\3.46\pic18-lt\cxx-framework\src\traditional\math\aarg.asm
                  __REMB2   0x000001       data     extern E:\3.46\pic18-lt\cxx-framework\src\traditional\math\aarg.asm
                 __AARGB6   0x000001       data     extern E:\3.46\pic18-lt\cxx-framework\src\traditional\math\aarg.asm
                  __REMB1   0x000002       data     extern E:\3.46\pic18-lt\cxx-framework\src\traditional\math\aarg.asm
                 __AARGB5   0x000002       data     extern E:\3.46\pic18-lt\cxx-framework\src\traditional\math\aarg.asm
                  __REMB0   0x000003       data     extern E:\3.46\pic18-lt\cxx-framework\src\traditional\math\aarg.asm
                 __AARGB4   0x000003       data     extern E:\3.46\pic18-lt\cxx-framework\src\traditional\math\aarg.asm
                 __AARGB3   0x000004       data     extern E:\3.46\pic18-lt\cxx-framework\src\traditional\math\aarg.asm
                 __AARGB2   0x000005       data     extern E:\3.46\pic18-lt\cxx-framework\src\traditional\math\aarg.asm
                 __AARGB1   0x000006       data     extern E:\3.46\pic18-lt\cxx-framework\src\traditional\math\aarg.asm
                 __AARGB0   0x000007       data     extern E:\3.46\pic18-lt\cxx-framework\src\traditional\math\aarg.asm
                   __AEXP   0x000008       data     extern E:\3.46\pic18-lt\cxx-framework\src\traditional\math\aarg.asm
                 __BARGB3   0x000009       data     extern E:\3.46\pic18-lt\cxx-framework\src\traditional\math\barg.asm
                 __BARGB2   0x00000a       data     extern E:\3.46\pic18-lt\cxx-framework\src\traditional\math\barg.asm
                 __BARGB1   0x00000b       data     extern E:\3.46\pic18-lt\cxx-framework\src\traditional\math\barg.asm
                 __BARGB0   0x00000c       data     extern E:\3.46\pic18-lt\cxx-framework\src\traditional\math\barg.asm
                   __BEXP   0x00000d       data     extern E:\3.46\pic18-lt\cxx-framework\src\traditional\math\barg.asm
                     SIGN   0x00000e       data     extern E:\3.46\pic18-lt\cxx-framework\src\traditional\math\cmath18.asm
                __FPFLAGS   0x00000f       data     extern E:\3.46\pic18-lt\cxx-framework\src\traditional\math\cmath18.asm
            __FPFLAGSbits   0x00000f       data     extern E:\3.46\pic18-lt\cxx-framework\src\traditional\math\cmath18.asm
                  __tmp_0   0x000010       data     static F:\My projects\mplab\Real Time Clock.X\main.c
      __lcd_var_display:0   0x000080       data     extern C:\Program Files (x86)\Microchip\mplabc18\v3.47\h\lcd.h
                        a   0x000080       data     static C:\Program Files (x86)\Microchip\mplabc18\v3.47\h\lcd.h
                     date   0x000082       data     extern F:\My projects\mplab\Real Time Clock.X\main.c
                    month   0x000083       data     extern F:\My projects\mplab\Real Time Clock.X\main.c
                     year   0x000084       data     extern F:\My projects\mplab\Real Time Clock.X\main.c
                     hour   0x000085       data     extern F:\My projects\mplab\Real Time Clock.X\main.c
                      min   0x000086       data     extern F:\My projects\mplab\Real Time Clock.X\main.c
                      sec   0x000087       data     extern F:\My projects\mplab\Real Time Clock.X\main.c
                    hour1   0x000088       data     extern F:\My projects\mplab\Real Time Clock.X\main.c
                      dow   0x000089       data     extern F:\My projects\mplab\Real Time Clock.X\main.c
                     prom   0x00008a       data     static E:\3.46\pic18-lt\cxx-framework\src\traditional\startup\c018i.c
                curr_byte   0x00008d       data     static E:\3.46\pic18-lt\cxx-framework\src\traditional\startup\c018i.c
               curr_entry   0x00008f       data     static E:\3.46\pic18-lt\cxx-framework\src\traditional\startup\c018i.c
                 data_ptr   0x000091       data     static E:\3.46\pic18-lt\cxx-framework\src\traditional\startup\c018i.c
               check_4bit   0x000094       data     extern C:\Program Files (x86)\Microchip\mplabc18\v3.47\h\lcd.h
                       am   0x000095       data     extern C:\Program Files (x86)\Microchip\mplabc18\v3.47\h\ds1307.h
                       pm   0x000096       data     extern C:\Program Files (x86)\Microchip\mplabc18\v3.47\h\ds1307.h
                    PORTA   0x000f80       data     extern E:\3.46\pic18-lt\cxx-framework\src\traditional\proc\p18f452.asm
                PORTAbits   0x000f80       data     extern E:\3.46\pic18-lt\cxx-framework\src\traditional\proc\p18f452.asm
                    PORTB   0x000f81       data     extern E:\3.46\pic18-lt\cxx-framework\src\traditional\proc\p18f452.asm
                PORTBbits   0x000f81       data     extern E:\3.46\pic18-lt\cxx-framework\src\traditional\proc\p18f452.asm
                    PORTC   0x000f82       data     extern E:\3.46\pic18-lt\cxx-framework\src\traditional\proc\p18f452.asm
                PORTCbits   0x000f82       data     extern E:\3.46\pic18-lt\cxx-framework\src\traditional\proc\p18f452.asm
                PORTDbits   0x000f83       data     extern E:\3.46\pic18-lt\cxx-framework\src\traditional\proc\p18f452.asm
                    PORTD   0x000f83       data     extern E:\3.46\pic18-lt\cxx-framework\src\traditional\proc\p18f452.asm
                    PORTE   0x000f84       data     extern E:\3.46\pic18-lt\cxx-framework\src\traditional\proc\p18f452.asm
                PORTEbits   0x000f84       data     extern E:\3.46\pic18-lt\cxx-framework\src\traditional\proc\p18f452.asm
                 LATAbits   0x000f89       data     extern E:\3.46\pic18-lt\cxx-framework\src\traditional\proc\p18f452.asm
                     LATA   0x000f89       data     extern E:\3.46\pic18-lt\cxx-framework\src\traditional\proc\p18f452.asm
                 LATBbits   0x000f8a       data     extern E:\3.46\pic18-lt\cxx-framework\src\traditional\proc\p18f452.asm
                     LATB   0x000f8a       data     extern E:\3.46\pic18-lt\cxx-framework\src\traditional\proc\p18f452.asm
                     LATC   0x000f8b       data     extern E:\3.46\pic18-lt\cxx-framework\src\traditional\proc\p18f452.asm
                 LATCbits   0x000f8b       data     extern E:\3.46\pic18-lt\cxx-framework\src\traditional\proc\p18f452.asm
                     LATD   0x000f8c       data     extern E:\3.46\pic18-lt\cxx-framework\src\traditional\proc\p18f452.asm
                 LATDbits   0x000f8c       data     extern E:\3.46\pic18-lt\cxx-framework\src\traditional\proc\p18f452.asm
                 LATEbits   0x000f8d       data     extern E:\3.46\pic18-lt\cxx-framework\src\traditional\proc\p18f452.asm
                     LATE   0x000f8d       data     extern E:\3.46\pic18-lt\cxx-framework\src\traditional\proc\p18f452.asm
                 DDRAbits   0x000f92       data     extern E:\3.46\pic18-lt\cxx-framework\src\traditional\proc\p18f452.asm
                     DDRA   0x000f92       data     extern E:\3.46\pic18-lt\cxx-framework\src\traditional\proc\p18f452.asm
                    TRISA   0x000f92       data     extern E:\3.46\pic18-lt\cxx-framework\src\traditional\proc\p18f452.asm
                TRISAbits   0x000f92       data     extern E:\3.46\pic18-lt\cxx-framework\src\traditional\proc\p18f452.asm
                     DDRB   0x000f93       data     extern E:\3.46\pic18-lt\cxx-framework\src\traditional\proc\p18f452.asm
                 DDRBbits   0x000f93       data     extern E:\3.46\pic18-lt\cxx-framework\src\traditional\proc\p18f452.asm
                    TRISB   0x000f93       data     extern E:\3.46\pic18-lt\cxx-framework\src\traditional\proc\p18f452.asm
                TRISBbits   0x000f93       data     extern E:\3.46\pic18-lt\cxx-framework\src\traditional\proc\p18f452.asm
                    TRISC   0x000f94       data     extern E:\3.46\pic18-lt\cxx-framework\src\traditional\proc\p18f452.asm
                 DDRCbits   0x000f94       data     extern E:\3.46\pic18-lt\cxx-framework\src\traditional\proc\p18f452.asm
                     DDRC   0x000f94       data     extern E:\3.46\pic18-lt\cxx-framework\src\traditional\proc\p18f452.asm
                TRISCbits   0x000f94       data     extern E:\3.46\pic18-lt\cxx-framework\src\traditional\proc\p18f452.asm
                 DDRDbits   0x000f95       data     extern E:\3.46\pic18-lt\cxx-framework\src\traditional\proc\p18f452.asm
                     DDRD   0x000f95       data     extern E:\3.46\pic18-lt\cxx-framework\src\traditional\proc\p18f452.asm
                TRISDbits   0x000f95       data     extern E:\3.46\pic18-lt\cxx-framework\src\traditional\proc\p18f452.asm
                    TRISD   0x000f95       data     extern E:\3.46\pic18-lt\cxx-framework\src\traditional\proc\p18f452.asm
                 DDREbits   0x000f96       data     extern E:\3.46\pic18-lt\cxx-framework\src\traditional\proc\p18f452.asm
                     DDRE   0x000f96       data     extern E:\3.46\pic18-lt\cxx-framework\src\traditional\proc\p18f452.asm
                TRISEbits   0x000f96       data     extern E:\3.46\pic18-lt\cxx-framework\src\traditional\proc\p18f452.asm
                    TRISE   0x000f96       data     extern E:\3.46\pic18-lt\cxx-framework\src\traditional\proc\p18f452.asm
                     PIE1   0x000f9d       data     extern E:\3.46\pic18-lt\cxx-framework\src\traditional\proc\p18f452.asm
                 PIE1bits   0x000f9d       data     extern E:\3.46\pic18-lt\cxx-framework\src\traditional\proc\p18f452.asm
                 PIR1bits   0x000f9e       data     extern E:\3.46\pic18-lt\cxx-framework\src\traditional\proc\p18f452.asm
                     PIR1   0x000f9e       data     extern E:\3.46\pic18-lt\cxx-framework\src\traditional\proc\p18f452.asm
                     IPR1   0x000f9f       data     extern E:\3.46\pic18-lt\cxx-framework\src\traditional\proc\p18f452.asm
                 IPR1bits   0x000f9f       data     extern E:\3.46\pic18-lt\cxx-framework\src\traditional\proc\p18f452.asm
                 PIE2bits   0x000fa0       data     extern E:\3.46\pic18-lt\cxx-framework\src\traditional\proc\p18f452.asm
                     PIE2   0x000fa0       data     extern E:\3.46\pic18-lt\cxx-framework\src\traditional\proc\p18f452.asm
                     PIR2   0x000fa1       data     extern E:\3.46\pic18-lt\cxx-framework\src\traditional\proc\p18f452.asm
                 PIR2bits   0x000fa1       data     extern E:\3.46\pic18-lt\cxx-framework\src\traditional\proc\p18f452.asm
                     IPR2   0x000fa2       data     extern E:\3.46\pic18-lt\cxx-framework\src\traditional\proc\p18f452.asm
                 IPR2bits   0x000fa2       data     extern E:\3.46\pic18-lt\cxx-framework\src\traditional\proc\p18f452.asm
               EECON1bits   0x000fa6       data     extern E:\3.46\pic18-lt\cxx-framework\src\traditional\proc\p18f452.asm
                   EECON1   0x000fa6       data     extern E:\3.46\pic18-lt\cxx-framework\src\traditional\proc\p18f452.asm
                   EECON2   0x000fa7       data     extern E:\3.46\pic18-lt\cxx-framework\src\traditional\proc\p18f452.asm
                   EEDATA   0x000fa8       data     extern E:\3.46\pic18-lt\cxx-framework\src\traditional\proc\p18f452.asm
                    EEADR   0x000fa9       data     extern E:\3.46\pic18-lt\cxx-framework\src\traditional\proc\p18f452.asm
                    RCSTA   0x000fab       data     extern E:\3.46\pic18-lt\cxx-framework\src\traditional\proc\p18f452.asm
                RCSTAbits   0x000fab       data     extern E:\3.46\pic18-lt\cxx-framework\src\traditional\proc\p18f452.asm
                TXSTAbits   0x000fac       data     extern E:\3.46\pic18-lt\cxx-framework\src\traditional\proc\p18f452.asm
                    TXSTA   0x000fac       data     extern E:\3.46\pic18-lt\cxx-framework\src\traditional\proc\p18f452.asm
                    TXREG   0x000fad       data     extern E:\3.46\pic18-lt\cxx-framework\src\traditional\proc\p18f452.asm
                    RCREG   0x000fae       data     extern E:\3.46\pic18-lt\cxx-framework\src\traditional\proc\p18f452.asm
                    SPBRG   0x000faf       data     extern E:\3.46\pic18-lt\cxx-framework\src\traditional\proc\p18f452.asm
                    T3CON   0x000fb1       data     extern E:\3.46\pic18-lt\cxx-framework\src\traditional\proc\p18f452.asm
                T3CONbits   0x000fb1       data     extern E:\3.46\pic18-lt\cxx-framework\src\traditional\proc\p18f452.asm
                    TMR3L   0x000fb2       data     extern E:\3.46\pic18-lt\cxx-framework\src\traditional\proc\p18f452.asm
                    TMR3H   0x000fb3       data     extern E:\3.46\pic18-lt\cxx-framework\src\traditional\proc\p18f452.asm
                  CCP2CON   0x000fba       data     extern E:\3.46\pic18-lt\cxx-framework\src\traditional\proc\p18f452.asm
              CCP2CONbits   0x000fba       data     extern E:\3.46\pic18-lt\cxx-framework\src\traditional\proc\p18f452.asm
                    CCPR2   0x000fbb       data     extern E:\3.46\pic18-lt\cxx-framework\src\traditional\proc\p18f452.asm
                   CCPR2L   0x000fbb       data     extern E:\3.46\pic18-lt\cxx-framework\src\traditional\proc\p18f452.asm
                   CCPR2H   0x000fbc       data     extern E:\3.46\pic18-lt\cxx-framework\src\traditional\proc\p18f452.asm
                  CCP1CON   0x000fbd       data     extern E:\3.46\pic18-lt\cxx-framework\src\traditional\proc\p18f452.asm
              CCP1CONbits   0x000fbd       data     extern E:\3.46\pic18-lt\cxx-framework\src\traditional\proc\p18f452.asm
                    CCPR1   0x000fbe       data     extern E:\3.46\pic18-lt\cxx-framework\src\traditional\proc\p18f452.asm
                   CCPR1L   0x000fbe       data     extern E:\3.46\pic18-lt\cxx-framework\src\traditional\proc\p18f452.asm
                   CCPR1H   0x000fbf       data     extern E:\3.46\pic18-lt\cxx-framework\src\traditional\proc\p18f452.asm
               ADCON1bits   0x000fc1       data     extern E:\3.46\pic18-lt\cxx-framework\src\traditional\proc\p18f452.asm
                   ADCON1   0x000fc1       data     extern E:\3.46\pic18-lt\cxx-framework\src\traditional\proc\p18f452.asm
                   ADCON0   0x000fc2       data     extern E:\3.46\pic18-lt\cxx-framework\src\traditional\proc\p18f452.asm
               ADCON0bits   0x000fc2       data     extern E:\3.46\pic18-lt\cxx-framework\src\traditional\proc\p18f452.asm
                    ADRES   0x000fc3       data     extern E:\3.46\pic18-lt\cxx-framework\src\traditional\proc\p18f452.asm
                   ADRESL   0x000fc3       data     extern E:\3.46\pic18-lt\cxx-framework\src\traditional\proc\p18f452.asm
                   ADRESH   0x000fc4       data     extern E:\3.46\pic18-lt\cxx-framework\src\traditional\proc\p18f452.asm
                  SSPCON2   0x000fc5       data     extern E:\3.46\pic18-lt\cxx-framework\src\traditional\proc\p18f452.asm
              SSPCON2bits   0x000fc5       data     extern E:\3.46\pic18-lt\cxx-framework\src\traditional\proc\p18f452.asm
                  SSPCON1   0x000fc6       data     extern E:\3.46\pic18-lt\cxx-framework\src\traditional\proc\p18f452.asm
              SSPCON1bits   0x000fc6       data     extern E:\3.46\pic18-lt\cxx-framework\src\traditional\proc\p18f452.asm
                  SSPSTAT   0x000fc7       data     extern E:\3.46\pic18-lt\cxx-framework\src\traditional\proc\p18f452.asm
              SSPSTATbits   0x000fc7       data     extern E:\3.46\pic18-lt\cxx-framework\src\traditional\proc\p18f452.asm
                   SSPADD   0x000fc8       data     extern E:\3.46\pic18-lt\cxx-framework\src\traditional\proc\p18f452.asm
                   SSPBUF   0x000fc9       data     extern E:\3.46\pic18-lt\cxx-framework\src\traditional\proc\p18f452.asm
                    T2CON   0x000fca       data     extern E:\3.46\pic18-lt\cxx-framework\src\traditional\proc\p18f452.asm
                T2CONbits   0x000fca       data     extern E:\3.46\pic18-lt\cxx-framework\src\traditional\proc\p18f452.asm
                      PR2   0x000fcb       data     extern E:\3.46\pic18-lt\cxx-framework\src\traditional\proc\p18f452.asm
                     TMR2   0x000fcc       data     extern E:\3.46\pic18-lt\cxx-framework\src\traditional\proc\p18f452.asm
                T1CONbits   0x000fcd       data     extern E:\3.46\pic18-lt\cxx-framework\src\traditional\proc\p18f452.asm
                    T1CON   0x000fcd       data     extern E:\3.46\pic18-lt\cxx-framework\src\traditional\proc\p18f452.asm
                    TMR1L   0x000fce       data     extern E:\3.46\pic18-lt\cxx-framework\src\traditional\proc\p18f452.asm
                    TMR1H   0x000fcf       data     extern E:\3.46\pic18-lt\cxx-framework\src\traditional\proc\p18f452.asm
                     RCON   0x000fd0       data     extern E:\3.46\pic18-lt\cxx-framework\src\traditional\proc\p18f452.asm
                 RCONbits   0x000fd0       data     extern E:\3.46\pic18-lt\cxx-framework\src\traditional\proc\p18f452.asm
               WDTCONbits   0x000fd1       data     extern E:\3.46\pic18-lt\cxx-framework\src\traditional\proc\p18f452.asm
                   WDTCON   0x000fd1       data     extern E:\3.46\pic18-lt\cxx-framework\src\traditional\proc\p18f452.asm
                   LVDCON   0x000fd2       data     extern E:\3.46\pic18-lt\cxx-framework\src\traditional\proc\p18f452.asm
               LVDCONbits   0x000fd2       data     extern E:\3.46\pic18-lt\cxx-framework\src\traditional\proc\p18f452.asm
                   OSCCON   0x000fd3       data     extern E:\3.46\pic18-lt\cxx-framework\src\traditional\proc\p18f452.asm
               OSCCONbits   0x000fd3       data     extern E:\3.46\pic18-lt\cxx-framework\src\traditional\proc\p18f452.asm
                    T0CON   0x000fd5       data     extern E:\3.46\pic18-lt\cxx-framework\src\traditional\proc\p18f452.asm
                T0CONbits   0x000fd5       data     extern E:\3.46\pic18-lt\cxx-framework\src\traditional\proc\p18f452.asm
                    TMR0L   0x000fd6       data     extern E:\3.46\pic18-lt\cxx-framework\src\traditional\proc\p18f452.asm
                    TMR0H   0x000fd7       data     extern E:\3.46\pic18-lt\cxx-framework\src\traditional\proc\p18f452.asm
                   STATUS   0x000fd8       data     extern E:\3.46\pic18-lt\cxx-framework\src\traditional\proc\p18f452.asm
               STATUSbits   0x000fd8       data     extern E:\3.46\pic18-lt\cxx-framework\src\traditional\proc\p18f452.asm
                     FSR2   0x000fd9       data     extern E:\3.46\pic18-lt\cxx-framework\src\traditional\proc\p18f452.asm
                    FSR2L   0x000fd9       data     extern E:\3.46\pic18-lt\cxx-framework\src\traditional\proc\p18f452.asm
                    FSR2H   0x000fda       data     extern E:\3.46\pic18-lt\cxx-framework\src\traditional\proc\p18f452.asm
                   PLUSW2   0x000fdb       data     extern E:\3.46\pic18-lt\cxx-framework\src\traditional\proc\p18f452.asm
                  PREINC2   0x000fdc       data     extern E:\3.46\pic18-lt\cxx-framework\src\traditional\proc\p18f452.asm
                 POSTDEC2   0x000fdd       data     extern E:\3.46\pic18-lt\cxx-framework\src\traditional\proc\p18f452.asm
                 POSTINC2   0x000fde       data     extern E:\3.46\pic18-lt\cxx-framework\src\traditional\proc\p18f452.asm
                    INDF2   0x000fdf       data     extern E:\3.46\pic18-lt\cxx-framework\src\traditional\proc\p18f452.asm
                      BSR   0x000fe0       data     extern E:\3.46\pic18-lt\cxx-framework\src\traditional\proc\p18f452.asm
                    FSR1L   0x000fe1       data     extern E:\3.46\pic18-lt\cxx-framework\src\traditional\proc\p18f452.asm
                     FSR1   0x000fe1       data     extern E:\3.46\pic18-lt\cxx-framework\src\traditional\proc\p18f452.asm
                    FSR1H   0x000fe2       data     extern E:\3.46\pic18-lt\cxx-framework\src\traditional\proc\p18f452.asm
                   PLUSW1   0x000fe3       data     extern E:\3.46\pic18-lt\cxx-framework\src\traditional\proc\p18f452.asm
                  PREINC1   0x000fe4       data     extern E:\3.46\pic18-lt\cxx-framework\src\traditional\proc\p18f452.asm
                 POSTDEC1   0x000fe5       data     extern E:\3.46\pic18-lt\cxx-framework\src\traditional\proc\p18f452.asm
                 POSTINC1   0x000fe6       data     extern E:\3.46\pic18-lt\cxx-framework\src\traditional\proc\p18f452.asm
                    INDF1   0x000fe7       data     extern E:\3.46\pic18-lt\cxx-framework\src\traditional\proc\p18f452.asm
                        W   0x000fe8       data     extern E:\3.46\pic18-lt\cxx-framework\src\traditional\proc\p18f452.asm
                     WREG   0x000fe8       data     extern E:\3.46\pic18-lt\cxx-framework\src\traditional\proc\p18f452.asm
                     FSR0   0x000fe9       data     extern E:\3.46\pic18-lt\cxx-framework\src\traditional\proc\p18f452.asm
                    FSR0L   0x000fe9       data     extern E:\3.46\pic18-lt\cxx-framework\src\traditional\proc\p18f452.asm
                    FSR0H   0x000fea       data     extern E:\3.46\pic18-lt\cxx-framework\src\traditional\proc\p18f452.asm
                   PLUSW0   0x000feb       data     extern E:\3.46\pic18-lt\cxx-framework\src\traditional\proc\p18f452.asm
                  PREINC0   0x000fec       data     extern E:\3.46\pic18-lt\cxx-framework\src\traditional\proc\p18f452.asm
                 POSTDEC0   0x000fed       data     extern E:\3.46\pic18-lt\cxx-framework\src\traditional\proc\p18f452.asm
                 POSTINC0   0x000fee       data     extern E:\3.46\pic18-lt\cxx-framework\src\traditional\proc\p18f452.asm
                    INDF0   0x000fef       data     extern E:\3.46\pic18-lt\cxx-framework\src\traditional\proc\p18f452.asm
              INTCON3bits   0x000ff0       data     extern E:\3.46\pic18-lt\cxx-framework\src\traditional\proc\p18f452.asm
                  INTCON3   0x000ff0       data     extern E:\3.46\pic18-lt\cxx-framework\src\traditional\proc\p18f452.asm
              INTCON2bits   0x000ff1       data     extern E:\3.46\pic18-lt\cxx-framework\src\traditional\proc\p18f452.asm
                  INTCON2   0x000ff1       data     extern E:\3.46\pic18-lt\cxx-framework\src\traditional\proc\p18f452.asm
                   INTCON   0x000ff2       data     extern E:\3.46\pic18-lt\cxx-framework\src\traditional\proc\p18f452.asm
                  INTCON1   0x000ff2       data     extern E:\3.46\pic18-lt\cxx-framework\src\traditional\proc\p18f452.asm
              INTCON1bits   0x000ff2       data     extern E:\3.46\pic18-lt\cxx-framework\src\traditional\proc\p18f452.asm
               INTCONbits   0x000ff2       data     extern E:\3.46\pic18-lt\cxx-framework\src\traditional\proc\p18f452.asm
                    PRODL   0x000ff3       data     extern E:\3.46\pic18-lt\cxx-framework\src\traditional\proc\p18f452.asm
                     PROD   0x000ff3       data     extern E:\3.46\pic18-lt\cxx-framework\src\traditional\proc\p18f452.asm
                    PRODH   0x000ff4       data     extern E:\3.46\pic18-lt\cxx-framework\src\traditional\proc\p18f452.asm
                   TABLAT   0x000ff5       data     extern E:\3.46\pic18-lt\cxx-framework\src\traditional\proc\p18f452.asm
                  TBLPTRL   0x000ff6       data     extern E:\3.46\pic18-lt\cxx-framework\src\traditional\proc\p18f452.asm
                   TBLPTR   0x000ff6       data     extern E:\3.46\pic18-lt\cxx-framework\src\traditional\proc\p18f452.asm
                  TBLPTRH   0x000ff7       data     extern E:\3.46\pic18-lt\cxx-framework\src\traditional\proc\p18f452.asm
                  TBLPTRU   0x000ff8       data     extern E:\3.46\pic18-lt\cxx-framework\src\traditional\proc\p18f452.asm
                       PC   0x000ff9       data     extern E:\3.46\pic18-lt\cxx-framework\src\traditional\proc\p18f452.asm
                      PCL   0x000ff9       data     extern E:\3.46\pic18-lt\cxx-framework\src\traditional\proc\p18f452.asm
                   PCLATH   0x000ffa       data     extern E:\3.46\pic18-lt\cxx-framework\src\traditional\proc\p18f452.asm
                   PCLATU   0x000ffb       data     extern E:\3.46\pic18-lt\cxx-framework\src\traditional\proc\p18f452.asm
                   STKPTR   0x000ffc       data     extern E:\3.46\pic18-lt\cxx-framework\src\traditional\proc\p18f452.asm
               STKPTRbits   0x000ffc       data     extern E:\3.46\pic18-lt\cxx-framework\src\traditional\proc\p18f452.asm
                     TOSL   0x000ffd       data     extern E:\3.46\pic18-lt\cxx-framework\src\traditional\proc\p18f452.asm
                      TOS   0x000ffd       data     extern E:\3.46\pic18-lt\cxx-framework\src\traditional\proc\p18f452.asm
                     TOSH   0x000ffe       data     extern E:\3.46\pic18-lt\cxx-framework\src\traditional\proc\p18f452.asm
                     TOSU   0x000fff       data     extern E:\3.46\pic18-lt\cxx-framework\src\traditional\proc\p18f452.asm


